// Vitest Snapshot v1, https://vitest.dev/guide/snapshot.html

exports[`Editor > renders > the correct markup with content 1`] = `"<div contenteditable="true" role="textbox" translate="no" class="tiptap ProseMirror" tabindex="0"><h1>Всем привет!</h1></div>"`;

exports[`Editor > renders > the correct markup without content 1`] = `"<div contenteditable="true" role="textbox" translate="no" class="tiptap ProseMirror" tabindex="0"><p><br class="ProseMirror-trailingBreak"></p></div>"`;
