// Vitest Snapshot v1, https://vitest.dev/guide/snapshot.html

exports[`EditorContent > renders the correct markup > with content 1`] = `"<div contenteditable="true" translate="no" class="tiptap ProseMirror h-full overflow-x-hidden prose touch-pan-y focus:outline-none [&amp;>*]:relative [&amp;>.ProseMirror-selectednode]:after:absolute [&amp;>.ProseMirror-selectednode]:after:inset-0 [&amp;>.ProseMirror-selectednode]:after:-m-2 [&amp;>.ProseMirror-selectednode]:after:bg-blue-50 [&amp;>.ProseMirror-selectednode]:after:rounded-xl [&amp;>.ProseMirror-selectednode]:after:z-[-1] [&amp;>*]:transition-transform" tabindex="0"><h1>Всем привет!</h1></div>"`;

exports[`EditorContent > renders the correct markup > without content 1`] = `"<div contenteditable="true" translate="no" class="tiptap ProseMirror h-full overflow-x-hidden prose touch-pan-y focus:outline-none [&amp;>*]:relative [&amp;>.ProseMirror-selectednode]:after:absolute [&amp;>.ProseMirror-selectednode]:after:inset-0 [&amp;>.ProseMirror-selectednode]:after:-m-2 [&amp;>.ProseMirror-selectednode]:after:bg-blue-50 [&amp;>.ProseMirror-selectednode]:after:rounded-xl [&amp;>.ProseMirror-selectednode]:after:z-[-1] [&amp;>*]:transition-transform" tabindex="0"><p><br class="ProseMirror-trailingBreak"></p></div>"`;
